Aug 19, 2025 10:24:44 AM lk.tchk.panel.StudentPanel seconderyBtn1ActionPerformed
SEVERE: Failed to Load Student Report.: Byte data not found at: lk/tchk/img/logo.png.
Aug 19, 2025 10:25:22 AM lk.tchk.panel.StudentPanel seconderyBtn1ActionPerformed
SEVERE: Failed to Load Student Report.: Byte data not found at: lk/tchk/img/logo.png.
Aug 22, 2025 1:28:09 PM lk.tchk.panel.PaymentPanel primaryBtn1ActionPerformed
INFO: Success to add payment.
Aug 22, 2025 1:28:37 PM lk.tchk.panel.PaymentPanel primaryBtn1ActionPerformed
INFO: Success to add payment.
Aug 22, 2025 1:28:51 PM lk.tchk.panel.PaymentPanel primaryBtn1ActionPerformed
INFO: Success to add payment.
Aug 22, 2025 1:29:04 PM lk.tchk.panel.PaymentPanel primaryBtn1ActionPerformed
INFO: Success to add payment.
Aug 22, 2025 1:29:18 PM lk.tchk.panel.PaymentPanel CurrentPaymentTxtKeyReleased
SEVERE: Failed to set Current payment Details and Balance.: For input string: ""
Aug 22, 2025 1:29:23 PM lk.tchk.panel.PaymentPanel primaryBtn1ActionPerformed
INFO: Success to add payment.
Aug 22, 2025 1:29:53 PM lk.tchk.panel.PaymentPanel primaryBtn1ActionPerformed
INFO: Success to add payment.
Aug 22, 2025 1:30:18 PM lk.tchk.panel.PaymentPanel primaryBtn1ActionPerformed
INFO: Success to add payment.
Aug 22, 2025 1:30:32 PM lk.tchk.panel.PaymentPanel primaryBtn1ActionPerformed
INFO: Success to add payment.
Aug 22, 2025 1:30:50 PM lk.tchk.panel.PaymentPanel CurrentPaymentTxtKeyReleased
SEVERE: Failed to set Current payment Details and Balance.: For input string: "50-"
Aug 22, 2025 1:30:55 PM lk.tchk.panel.PaymentPanel primaryBtn1ActionPerformed
INFO: Success to add payment.
Aug 22, 2025 1:34:38 PM lk.tchk.panel.PaymentPanel SearchFieldKeyReleased
WARNING: Not have searched Student Data,S_011similar.
Aug 22, 2025 1:34:41 PM lk.tchk.panel.PaymentPanel SearchFieldKeyReleased
WARNING: Not have searched Student Data,ST_011similar.
Aug 22, 2025 1:34:51 PM lk.tchk.panel.PaymentPanel SearchFieldKeyReleased
WARNING: Not have searched Student Data,_0111similar.
Aug 22, 2025 1:35:11 PM lk.tchk.panel.PaymentPanel primaryBtn1ActionPerformed
INFO: Success to add payment.
Aug 22, 2025 1:35:30 PM lk.tchk.panel.PaymentPanel primaryBtn1ActionPerformed
INFO: Success to add payment.
Aug 22, 2025 1:35:39 PM lk.tchk.panel.PaymentPanel primaryBtn1ActionPerformed
INFO: Success to add payment.
Aug 22, 2025 1:36:00 PM lk.tchk.panel.PaymentPanel primaryBtn1ActionPerformed
INFO: Success to add payment.
Aug 22, 2025 1:36:13 PM lk.tchk.panel.PaymentPanel SearchFieldKeyReleased
WARNING: Not have searched Student Data,supuisimilar.
Aug 22, 2025 1:36:19 PM lk.tchk.panel.PaymentPanel primaryBtn1ActionPerformed
INFO: Success to add payment.
Mar 22, 2026 12:23:08 PM lk.tchk.panel.StudentPanel loadStudentTableData
SEVERE: Failed to load students: Table 'acadex.student' doesn't exist
Mar 22, 2026 12:23:08 PM lk.tchk.panel.PaymentPanel loadCompleteStudent
SEVERE: Failed to Load Complete Student Data.: Table 'acadex.student_payment' doesn't exist
Mar 22, 2026 12:23:08 PM lk.tchk.panel.PaymentPanel loadPendingteStudent
SEVERE: Failed to Load Pending Student Data.: Table 'acadex.student_payment' doesn't exist
Mar 22, 2026 12:23:08 PM lk.tchk.panel.PaymentPanel loadEmptyStudent
SEVERE: Failed to Load Empty Student Data.: Table 'acadex.student' doesn't exist
Mar 22, 2026 12:23:54 PM lk.tchk.panel.PaymentPanel completeCardMouseClicked
WARNING: Failed to load Complete Payment Student Data,
Mar 22, 2026 12:23:54 PM lk.tchk.panel.PaymentPanel pendingCardMouseClicked
WARNING: Failed to load Pending Payment Student Data,
